T  hyperframes preview
[?25l|
o  Studio running
[?25h
  Project   kapsely-instagram-ad
  Studio    http://localhost:3028

  Edit with your AI agent — it has HyperFrames skills installed.
  Changes reload automatically in the studio.

  Press Ctrl+C to stop

[Compiler] Injected deterministic @font-face rules for 3 requested font families
[Compiler] Injected deterministic @font-face rules for 3 requested font families
[Compiler] Injected deterministic @font-face rules for 3 requested font families
[Compiler] Injected deterministic @font-face rules for 3 requested font families
[Compiler] Injected deterministic @font-face rules for 3 requested font families
[Compiler] Injected deterministic @font-face rules for 3 requested font families
[Compiler] Injected deterministic @font-face rules for 3 requested font families
[Compiler] Injected deterministic @font-face rules for 3 requested font families
[Compiler] Injected deterministic @font-face rules for 3 requested font families
[Compiler] Injected deterministic @font-face rules for 3 requested font families
[Compiler] Injected deterministic @font-face rules for 3 requested font families
[Compiler] Injected deterministic @font-face rules for 3 requested font families
[Compiler] Injected deterministic @font-face rules for 3 requested font families
[Compiler] Injected deterministic @font-face rules for 3 requested font families
[Compiler] Injected deterministic @font-face rules for 3 requested font families
[Compiler] Injected deterministic @font-face rules for 3 requested font families
[Compiler] Injected deterministic @font-face rules for 3 requested font families
[Compiler] Injected deterministic @font-face rules for 3 requested font families
[Compiler] Injected deterministic @font-face rules for 3 requested font families
[Compiler] Injected deterministic @font-face rules for 3 requested font families
[Compiler] Injected deterministic @font-face rules for 3 requested font families
[Compiler] Injected deterministic @font-face rules for 3 requested font families
[Compiler] Injected deterministic @font-face rules for 3 requested font families
[Compiler] Injected deterministic @font-face rules for 3 requested font families
[Compiler] Injected deterministic @font-face rules for 3 requested font families
[Compiler] Injected deterministic @font-face rules for 3 requested font families
[Compiler] Injected deterministic @font-face rules for 3 requested font families
[Compiler] Injected deterministic @font-face rules for 3 requested font families
[Compiler] Injected deterministic @font-face rules for 3 requested font families
[Compiler] Injected deterministic @font-face rules for 3 requested font families
[Compiler] Injected deterministic @font-face rules for 3 requested font families
[Compiler] Injected deterministic @font-face rules for 3 requested font families
[Compiler] Injected deterministic @font-face rules for 3 requested font families
[Compiler] Injected deterministic @font-face rules for 3 requested font families
[Compiler] Injected deterministic @font-face rules for 3 requested font families
[Compiler] Injected deterministic @font-face rules for 3 requested font families
[Compiler] Injected deterministic @font-face rules for 3 requested font families
[Compiler] Injected deterministic @font-face rules for 3 requested font families
[Compiler] Injected deterministic @font-face rules for 3 requested font families
[Compiler] Injected deterministic @font-face rules for 3 requested font families
[Compiler] Injected deterministic @font-face rules for 3 requested font families
[Compiler] Injected deterministic @font-face rules for 3 requested font families
[Compiler] Injected deterministic @font-face rules for 3 requested font families
[Compiler] Injected deterministic @font-face rules for 3 requested font families
[Compiler] Injected deterministic @font-face rules for 3 requested font families
[Compiler] Injected deterministic @font-face rules for 3 requested font families
[Compiler] Injected deterministic @font-face rules for 3 requested font families
[Compiler] Injected deterministic @font-face rules for 3 requested font families
[Compiler] Injected deterministic @font-face rules for 3 requested font families
[Compiler] Injected deterministic @font-face rules for 3 requested font families
[Compiler] Injected deterministic @font-face rules for 3 requested font families
[Compiler] Injected deterministic @font-face rules for 3 requested font families
[Compiler] Injected deterministic @font-face rules for 3 requested font families
[Compiler] Injected deterministic @font-face rules for 3 requested font families
[Compiler] Injected deterministic @font-face rules for 3 requested font families
[Compiler] Injected deterministic @font-face rules for 3 requested font families
[Compiler] Injected deterministic @font-face rules for 3 requested font families
[Compiler] Injected deterministic @font-face rules for 3 requested font families
[Compiler] Injected deterministic @font-face rules for 3 requested font families
[Compiler] Injected deterministic @font-face rules for 3 requested font families
[Compiler] Injected deterministic @font-face rules for 3 requested font families
[Compiler] Injected deterministic @font-face rules for 3 requested font families
[Compiler] Injected deterministic @font-face rules for 3 requested font families
[Compiler] Injected deterministic @font-face rules for 3 requested font families
[Compiler] Injected deterministic @font-face rules for 3 requested font families
[Compiler] Injected deterministic @font-face rules for 3 requested font families
[Compiler] Injected deterministic @font-face rules for 3 requested font families
[Compiler] Injected deterministic @font-face rules for 3 requested font families
[Compiler] Injected deterministic @font-face rules for 3 requested font families
[Compiler] Injected deterministic @font-face rules for 3 requested font families
[Compiler] Injected deterministic @font-face rules for 3 requested font families
[Compiler] Injected deterministic @font-face rules for 3 requested font families
[Compiler] Injected deterministic @font-face rules for 3 requested font families
[Compiler] Injected deterministic @font-face rules for 3 requested font families
[Compiler] Injected deterministic @font-face rules for 3 requested font families
[Compiler] Injected deterministic @font-face rules for 3 requested font families
[Compiler] Injected deterministic @font-face rules for 3 requested font families
[Compiler] Injected deterministic @font-face rules for 3 requested font families
[Compiler] Injected deterministic @font-face rules for 3 requested font families
[Compiler] Injected deterministic @font-face rules for 3 requested font families
[Compiler] Injected deterministic @font-face rules for 3 requested font families
[Compiler] Injected deterministic @font-face rules for 3 requested font families
[Compiler] Injected deterministic @font-face rules for 3 requested font families
[Compiler] Injected deterministic @font-face rules for 3 requested font families
[Compiler] Injected deterministic @font-face rules for 3 requested font families
[Compiler] Injected deterministic @font-face rules for 3 requested font families
[Compiler] Injected deterministic @font-face rules for 3 requested font families
[Compiler] Injected deterministic @font-face rules for 3 requested font families
